Testing day 7
index: 0 input: 0
index: 1 input: 1
index: 2 input: 4
index: 3 input: 11
index: 4 input: 26
index: 0 input: 57
code: [5, 6, 7, 8, 9], signal sent: 57
index: 0 input: 0
index: 1 input: 1
index: 2 input: 4
index: 3 input: 11
index: 4 input: 27
index: 0 input: 58
code: [5, 6, 7, 9, 8], signal sent: 58
index: 0 input: 0
index: 1 input: 1
index: 2 input: 4
index: 3 input: 12
index: 4 input: 27
index: 0 input: 59
code: [5, 6, 8, 7, 9], signal sent: 59
index: 0 input: 0
index: 1 input: 1
index: 2 input: 4
index: 3 input: 12
index: 4 input: 29
index: 0 input: 61
code: [5, 6, 8, 9, 7], signal sent: 61
index: 0 input: 0
index: 1 input: 1
index: 2 input: 4
index: 3 input: 13
index: 4 input: 29
index: 0 input: 62
code: [5, 6, 9, 7, 8], signal sent: 62
index: 0 input: 0
index: 1 input: 1
index: 2 input: 4
index: 3 input: 13
index: 4 input: 30
index: 0 input: 63
code: [5, 6, 9, 8, 7], signal sent: 63
index: 0 input: 0
index: 1 input: 1
index: 2 input: 5
index: 3 input: 12
index: 4 input: 28
index: 0 input: 61
code: [5, 7, 6, 8, 9], signal sent: 61
index: 0 input: 0
index: 1 input: 1
index: 2 input: 5
index: 3 input: 12
index: 4 input: 29
index: 0 input: 62
code: [5, 7, 6, 9, 8], signal sent: 62
index: 0 input: 0
index: 1 input: 1
index: 2 input: 5
index: 3 input: 14
index: 4 input: 30
index: 0 input: 65
code: [5, 7, 8, 6, 9], signal sent: 65
index: 0 input: 0
index: 1 input: 1
index: 2 input: 5
index: 3 input: 14
index: 4 input: 33
index: 0 input: 68
code: [5, 7, 8, 9, 6], signal sent: 68
index: 0 input: 0
index: 1 input: 1
index: 2 input: 5
index: 3 input: 15
index: 4 input: 32
index: 0 input: 68
code: [5, 7, 9, 6, 8], signal sent: 68
index: 0 input: 0
index: 1 input: 1
index: 2 input: 5
index: 3 input: 15
index: 4 input: 34
index: 0 input: 70
code: [5, 7, 9, 8, 6], signal sent: 70
index: 0 input: 0
index: 1 input: 1
index: 2 input: 6
index: 3 input: 14
index: 4 input: 31
index: 0 input: 67
code: [5, 8, 6, 7, 9], signal sent: 67
index: 0 input: 0
index: 1 input: 1
index: 2 input: 6
index: 3 input: 14
index: 4 input: 33
index: 0 input: 69
code: [5, 8, 6, 9, 7], signal sent: 69
index: 0 input: 0
index: 1 input: 1
index: 2 input: 6
index: 3 input: 15
index: 4 input: 32
index: 0 input: 69
code: [5, 8, 7, 6, 9], signal sent: 69
index: 0 input: 0
index: 1 input: 1
index: 2 input: 6
index: 3 input: 15
index: 4 input: 35
index: 0 input: 72
code: [5, 8, 7, 9, 6], signal sent: 72
index: 0 input: 0
index: 1 input: 1
index: 2 input: 6
index: 3 input: 17
index: 4 input: 36
index: 0 input: 75
code: [5, 8, 9, 6, 7], signal sent: 75
index: 0 input: 0
index: 1 input: 1
index: 2 input: 6
index: 3 input: 17
index: 4 input: 37
index: 0 input: 76
code: [5, 8, 9, 7, 6], signal sent: 76
index: 0 input: 0
index: 1 input: 1
index: 2 input: 7
index: 3 input: 16
index: 4 input: 35
index: 0 input: 74
code: [5, 9, 6, 7, 8], signal sent: 74
index: 0 input: 0
index: 1 input: 1
index: 2 input: 7
index: 3 input: 16
index: 4 input: 36
index: 0 input: 75
code: [5, 9, 6, 8, 7], signal sent: 75
index: 0 input: 0
index: 1 input: 1
index: 2 input: 7
index: 3 input: 17
index: 4 input: 36
index: 0 input: 76
code: [5, 9, 7, 6, 8], signal sent: 76
index: 0 input: 0
index: 1 input: 1
index: 2 input: 7
index: 3 input: 17
index: 4 input: 38
index: 0 input: 78
code: [5, 9, 7, 8, 6], signal sent: 78
index: 0 input: 0
index: 1 input: 1
index: 2 input: 7
index: 3 input: 18
index: 4 input: 38
index: 0 input: 79
code: [5, 9, 8, 6, 7], signal sent: 79
index: 0 input: 0
index: 1 input: 1
index: 2 input: 7
index: 3 input: 18
index: 4 input: 39
index: 0 input: 80
code: [5, 9, 8, 7, 6], signal sent: 80
index: 0 input: 0
index: 1 input: 2
index: 2 input: 5
index: 3 input: 13
index: 4 input: 30
index: 0 input: 65
code: [6, 5, 7, 8, 9], signal sent: 65
index: 0 input: 0
index: 1 input: 2
index: 2 input: 5
index: 3 input: 13
index: 4 input: 31
index: 0 input: 66
code: [6, 5, 7, 9, 8], signal sent: 66
index: 0 input: 0
index: 1 input: 2
index: 2 input: 5
index: 3 input: 14
index: 4 input: 31
index: 0 input: 67
code: [6, 5, 8, 7, 9], signal sent: 67
index: 0 input: 0
index: 1 input: 2
index: 2 input: 5
index: 3 input: 14
index: 4 input: 33
index: 0 input: 69
code: [6, 5, 8, 9, 7], signal sent: 69
index: 0 input: 0
index: 1 input: 2
index: 2 input: 5
index: 3 input: 15
index: 4 input: 33
index: 0 input: 70
code: [6, 5, 9, 7, 8], signal sent: 70
index: 0 input: 0
index: 1 input: 2
index: 2 input: 5
index: 3 input: 15
index: 4 input: 34
index: 0 input: 71
code: [6, 5, 9, 8, 7], signal sent: 71
index: 0 input: 0
index: 1 input: 2
index: 2 input: 7
index: 3 input: 15
index: 4 input: 34
index: 0 input: 73
code: [6, 7, 5, 8, 9], signal sent: 73
index: 0 input: 0
index: 1 input: 2
index: 2 input: 7
index: 3 input: 15
index: 4 input: 35
index: 0 input: 74
code: [6, 7, 5, 9, 8], signal sent: 74
index: 0 input: 0
index: 1 input: 2
index: 2 input: 7
index: 3 input: 18
index: 4 input: 37
index: 0 input: 79
code: [6, 7, 8, 5, 9], signal sent: 79
index: 0 input: 0
index: 1 input: 2
index: 2 input: 7
index: 3 input: 18
index: 4 input: 41
index: 0 input: 83
code: [6, 7, 8, 9, 5], signal sent: 83
index: 0 input: 0
index: 1 input: 2
index: 2 input: 7
index: 3 input: 19
index: 4 input: 39
index: 0 input: 82
code: [6, 7, 9, 5, 8], signal sent: 82
index: 0 input: 0
index: 1 input: 2
index: 2 input: 7
index: 3 input: 19
index: 4 input: 42
index: 0 input: 85
code: [6, 7, 9, 8, 5], signal sent: 85
index: 0 input: 0
index: 1 input: 2
index: 2 input: 8
index: 3 input: 17
index: 4 input: 37
index: 0 input: 79
code: [6, 8, 5, 7, 9], signal sent: 79
index: 0 input: 0
index: 1 input: 2
index: 2 input: 8
index: 3 input: 17
index: 4 input: 39
index: 0 input: 81
code: [6, 8, 5, 9, 7], signal sent: 81
index: 0 input: 0
index: 1 input: 2
index: 2 input: 8
index: 3 input: 19
index: 4 input: 39
index: 0 input: 83
code: [6, 8, 7, 5, 9], signal sent: 83
index: 0 input: 0
index: 1 input: 2
index: 2 input: 8
index: 3 input: 19
index: 4 input: 43
index: 0 input: 87
code: [6, 8, 7, 9, 5], signal sent: 87
index: 0 input: 0
index: 1 input: 2
index: 2 input: 8
index: 3 input: 21
index: 4 input: 43
index: 0 input: 89
code: [6, 8, 9, 5, 7], signal sent: 89
index: 0 input: 0
index: 1 input: 2
index: 2 input: 8
index: 3 input: 21
index: 4 input: 45
index: 0 input: 91
code: [6, 8, 9, 7, 5], signal sent: 91
index: 0 input: 0
index: 1 input: 2
index: 2 input: 9
index: 3 input: 19
index: 4 input: 41
index: 0 input: 86
code: [6, 9, 5, 7, 8], signal sent: 86
index: 0 input: 0
index: 1 input: 2
index: 2 input: 9
index: 3 input: 19
index: 4 input: 42
index: 0 input: 87
code: [6, 9, 5, 8, 7], signal sent: 87
index: 0 input: 0
index: 1 input: 2
index: 2 input: 9
index: 3 input: 21
index: 4 input: 43
index: 0 input: 90
code: [6, 9, 7, 5, 8], signal sent: 90
index: 0 input: 0
index: 1 input: 2
index: 2 input: 9
index: 3 input: 21
index: 4 input: 46
index: 0 input: 93
code: [6, 9, 7, 8, 5], signal sent: 93
index: 0 input: 0
index: 1 input: 2
index: 2 input: 9
index: 3 input: 22
index: 4 input: 45
index: 0 input: 93
code: [6, 9, 8, 5, 7], signal sent: 93
index: 0 input: 0
index: 1 input: 2
index: 2 input: 9
index: 3 input: 22
index: 4 input: 47
index: 0 input: 95
code: [6, 9, 8, 7, 5], signal sent: 95
index: 0 input: 0
index: 1 input: 3
index: 2 input: 7
index: 3 input: 16
index: 4 input: 36
index: 0 input: 77
code: [7, 5, 6, 8, 9], signal sent: 77
index: 0 input: 0
index: 1 input: 3
index: 2 input: 7
index: 3 input: 16
index: 4 input: 37
index: 0 input: 78
code: [7, 5, 6, 9, 8], signal sent: 78
index: 0 input: 0
index: 1 input: 3
index: 2 input: 7
index: 3 input: 18
index: 4 input: 38
index: 0 input: 81
code: [7, 5, 8, 6, 9], signal sent: 81
index: 0 input: 0
index: 1 input: 3
index: 2 input: 7
index: 3 input: 18
index: 4 input: 41
index: 0 input: 84
code: [7, 5, 8, 9, 6], signal sent: 84
index: 0 input: 0
index: 1 input: 3
index: 2 input: 7
index: 3 input: 19
index: 4 input: 40
index: 0 input: 84
code: [7, 5, 9, 6, 8], signal sent: 84
index: 0 input: 0
index: 1 input: 3
index: 2 input: 7
index: 3 input: 19
index: 4 input: 42
index: 0 input: 86
code: [7, 5, 9, 8, 6], signal sent: 86
index: 0 input: 0
index: 1 input: 3
index: 2 input: 8
index: 3 input: 17
index: 4 input: 38
index: 0 input: 81
code: [7, 6, 5, 8, 9], signal sent: 81
index: 0 input: 0
index: 1 input: 3
index: 2 input: 8
index: 3 input: 17
index: 4 input: 39
index: 0 input: 82
code: [7, 6, 5, 9, 8], signal sent: 82
index: 0 input: 0
index: 1 input: 3
index: 2 input: 8
index: 3 input: 20
index: 4 input: 41
index: 0 input: 87
code: [7, 6, 8, 5, 9], signal sent: 87
index: 0 input: 0
index: 1 input: 3
index: 2 input: 8
index: 3 input: 20
index: 4 input: 45
index: 0 input: 91
code: [7, 6, 8, 9, 5], signal sent: 91
index: 0 input: 0
index: 1 input: 3
index: 2 input: 8
index: 3 input: 21
index: 4 input: 43
index: 0 input: 90
code: [7, 6, 9, 5, 8], signal sent: 90
index: 0 input: 0
index: 1 input: 3
index: 2 input: 8
index: 3 input: 21
index: 4 input: 46
index: 0 input: 93
code: [7, 6, 9, 8, 5], signal sent: 93
index: 0 input: 0
index: 1 input: 3
index: 2 input: 10
index: 3 input: 21
index: 4 input: 44
index: 0 input: 93
code: [7, 8, 5, 6, 9], signal sent: 93
index: 0 input: 0
index: 1 input: 3
index: 2 input: 10
index: 3 input: 21
index: 4 input: 47
index: 0 input: 96
code: [7, 8, 5, 9, 6], signal sent: 96
index: 0 input: 0
index: 1 input: 3
index: 2 input: 10
index: 3 input: 22
index: 4 input: 45
index: 0 input: 95
code: [7, 8, 6, 5, 9], signal sent: 95
index: 0 input: 0
index: 1 input: 3
index: 2 input: 10
index: 3 input: 22
index: 4 input: 49
index: 0 input: 99
code: [7, 8, 6, 9, 5], signal sent: 99
index: 0 input: 0
index: 1 input: 3
index: 2 input: 10
index: 3 input: 25
index: 4 input: 51
index: 0 input: 104
code: [7, 8, 9, 5, 6], signal sent: 104
index: 0 input: 0
index: 1 input: 3
index: 2 input: 10
index: 3 input: 25
index: 4 input: 52
index: 0 input: 105
code: [7, 8, 9, 6, 5], signal sent: 105
index: 0 input: 0
index: 1 input: 3
index: 2 input: 11
index: 3 input: 23
index: 4 input: 48
index: 0 input: 100
code: [7, 9, 5, 6, 8], signal sent: 100
index: 0 input: 0
index: 1 input: 3
index: 2 input: 11
index: 3 input: 23
index: 4 input: 50
index: 0 input: 102
code: [7, 9, 5, 8, 6], signal sent: 102
index: 0 input: 0
index: 1 input: 3
index: 2 input: 11
index: 3 input: 24
index: 4 input: 49
index: 0 input: 102
code: [7, 9, 6, 5, 8], signal sent: 102
index: 0 input: 0
index: 1 input: 3
index: 2 input: 11
index: 3 input: 24
index: 4 input: 52
index: 0 input: 105
code: [7, 9, 6, 8, 5], signal sent: 105
index: 0 input: 0
index: 1 input: 3
index: 2 input: 11
index: 3 input: 26
index: 4 input: 53
index: 0 input: 108
code: [7, 9, 8, 5, 6], signal sent: 108
index: 0 input: 0
index: 1 input: 3
index: 2 input: 11
index: 3 input: 26
index: 4 input: 54
index: 0 input: 109
code: [7, 9, 8, 6, 5], signal sent: 109
index: 0 input: 0
index: 1 input: 4
index: 2 input: 9
index: 3 input: 20
index: 4 input: 43
index: 0 input: 91
code: [8, 5, 6, 7, 9], signal sent: 91
index: 0 input: 0
index: 1 input: 4
index: 2 input: 9
index: 3 input: 20
index: 4 input: 45
index: 0 input: 93
code: [8, 5, 6, 9, 7], signal sent: 93
index: 0 input: 0
index: 1 input: 4
index: 2 input: 9
index: 3 input: 21
index: 4 input: 44
index: 0 input: 93
code: [8, 5, 7, 6, 9], signal sent: 93
index: 0 input: 0
index: 1 input: 4
index: 2 input: 9
index: 3 input: 21
index: 4 input: 47
index: 0 input: 96
code: [8, 5, 7, 9, 6], signal sent: 96
index: 0 input: 0
index: 1 input: 4
index: 2 input: 9
index: 3 input: 23
index: 4 input: 48
index: 0 input: 99
code: [8, 5, 9, 6, 7], signal sent: 99
index: 0 input: 0
index: 1 input: 4
index: 2 input: 9
index: 3 input: 23
index: 4 input: 49
index: 0 input: 100
code: [8, 5, 9, 7, 6], signal sent: 100
index: 0 input: 0
index: 1 input: 4
index: 2 input: 10
index: 3 input: 21
index: 4 input: 45
index: 0 input: 95
code: [8, 6, 5, 7, 9], signal sent: 95
index: 0 input: 0
index: 1 input: 4
index: 2 input: 10
index: 3 input: 21
index: 4 input: 47
index: 0 input: 97
code: [8, 6, 5, 9, 7], signal sent: 97
index: 0 input: 0
index: 1 input: 4
index: 2 input: 10
index: 3 input: 23
index: 4 input: 47
index: 0 input: 99
code: [8, 6, 7, 5, 9], signal sent: 99
index: 0 input: 0
index: 1 input: 4
index: 2 input: 10
index: 3 input: 23
index: 4 input: 51
index: 0 input: 103
code: [8, 6, 7, 9, 5], signal sent: 103
index: 0 input: 0
index: 1 input: 4
index: 2 input: 10
index: 3 input: 25
index: 4 input: 51
index: 0 input: 105
code: [8, 6, 9, 5, 7], signal sent: 105
index: 0 input: 0
index: 1 input: 4
index: 2 input: 10
index: 3 input: 25
index: 4 input: 53
index: 0 input: 107
code: [8, 6, 9, 7, 5], signal sent: 107
index: 0 input: 0
index: 1 input: 4
index: 2 input: 11
index: 3 input: 23
index: 4 input: 48
index: 0 input: 101
code: [8, 7, 5, 6, 9], signal sent: 101
index: 0 input: 0
index: 1 input: 4
index: 2 input: 11
index: 3 input: 23
index: 4 input: 51
index: 0 input: 104
code: [8, 7, 5, 9, 6], signal sent: 104
index: 0 input: 0
index: 1 input: 4
index: 2 input: 11
index: 3 input: 24
index: 4 input: 49
index: 0 input: 103
code: [8, 7, 6, 5, 9], signal sent: 103
index: 0 input: 0
index: 1 input: 4
index: 2 input: 11
index: 3 input: 24
index: 4 input: 53
index: 0 input: 107
code: [8, 7, 6, 9, 5], signal sent: 107
index: 0 input: 0
index: 1 input: 4
index: 2 input: 11
index: 3 input: 27
index: 4 input: 55
index: 0 input: 112
code: [8, 7, 9, 5, 6], signal sent: 112
index: 0 input: 0
index: 1 input: 4
index: 2 input: 11
index: 3 input: 27
index: 4 input: 56
index: 0 input: 113
code: [8, 7, 9, 6, 5], signal sent: 113
index: 0 input: 0
index: 1 input: 4
index: 2 input: 13
index: 3 input: 27
index: 4 input: 56
index: 0 input: 115
code: [8, 9, 5, 6, 7], signal sent: 115
index: 0 input: 0
index: 1 input: 4
index: 2 input: 13
index: 3 input: 27
index: 4 input: 57
index: 0 input: 116
code: [8, 9, 5, 7, 6], signal sent: 116
index: 0 input: 0
index: 1 input: 4
index: 2 input: 13
index: 3 input: 28
index: 4 input: 57
index: 0 input: 117
code: [8, 9, 6, 5, 7], signal sent: 117
index: 0 input: 0
index: 1 input: 4
index: 2 input: 13
index: 3 input: 28
index: 4 input: 59
index: 0 input: 119
code: [8, 9, 6, 7, 5], signal sent: 119
index: 0 input: 0
index: 1 input: 4
index: 2 input: 13
index: 3 input: 29
index: 4 input: 59
index: 0 input: 120
code: [8, 9, 7, 5, 6], signal sent: 120
index: 0 input: 0
index: 1 input: 4
index: 2 input: 13
index: 3 input: 29
index: 4 input: 60
index: 0 input: 121
code: [8, 9, 7, 6, 5], signal sent: 121
index: 0 input: 0
index: 1 input: 5
index: 2 input: 11
index: 3 input: 24
index: 4 input: 51
index: 0 input: 106
code: [9, 5, 6, 7, 8], signal sent: 106
index: 0 input: 0
index: 1 input: 5
index: 2 input: 11
index: 3 input: 24
index: 4 input: 52
index: 0 input: 107
code: [9, 5, 6, 8, 7], signal sent: 107
index: 0 input: 0
index: 1 input: 5
index: 2 input: 11
index: 3 input: 25
index: 4 input: 52
index: 0 input: 108
code: [9, 5, 7, 6, 8], signal sent: 108
index: 0 input: 0
index: 1 input: 5
index: 2 input: 11
index: 3 input: 25
index: 4 input: 54
index: 0 input: 110
code: [9, 5, 7, 8, 6], signal sent: 110
index: 0 input: 0
index: 1 input: 5
index: 2 input: 11
index: 3 input: 26
index: 4 input: 54
index: 0 input: 111
code: [9, 5, 8, 6, 7], signal sent: 111
index: 0 input: 0
index: 1 input: 5
index: 2 input: 11
index: 3 input: 26
index: 4 input: 55
index: 0 input: 112
code: [9, 5, 8, 7, 6], signal sent: 112
index: 0 input: 0
index: 1 input: 5
index: 2 input: 12
index: 3 input: 25
index: 4 input: 53
index: 0 input: 110
code: [9, 6, 5, 7, 8], signal sent: 110
index: 0 input: 0
index: 1 input: 5
index: 2 input: 12
index: 3 input: 25
index: 4 input: 54
index: 0 input: 111
code: [9, 6, 5, 8, 7], signal sent: 111
index: 0 input: 0
index: 1 input: 5
index: 2 input: 12
index: 3 input: 27
index: 4 input: 55
index: 0 input: 114
code: [9, 6, 7, 5, 8], signal sent: 114
index: 0 input: 0
index: 1 input: 5
index: 2 input: 12
index: 3 input: 27
index: 4 input: 58
index: 0 input: 117
code: [9, 6, 7, 8, 5], signal sent: 117
index: 0 input: 0
index: 1 input: 5
index: 2 input: 12
index: 3 input: 28
index: 4 input: 57
index: 0 input: 117
code: [9, 6, 8, 5, 7], signal sent: 117
index: 0 input: 0
index: 1 input: 5
index: 2 input: 12
index: 3 input: 28
index: 4 input: 59
index: 0 input: 119
code: [9, 6, 8, 7, 5], signal sent: 119
index: 0 input: 0
index: 1 input: 5
index: 2 input: 13
index: 3 input: 27
index: 4 input: 56
index: 0 input: 116
code: [9, 7, 5, 6, 8], signal sent: 116
index: 0 input: 0
index: 1 input: 5
index: 2 input: 13
index: 3 input: 27
index: 4 input: 58
index: 0 input: 118
code: [9, 7, 5, 8, 6], signal sent: 118
index: 0 input: 0
index: 1 input: 5
index: 2 input: 13
index: 3 input: 28
index: 4 input: 57
index: 0 input: 118
code: [9, 7, 6, 5, 8], signal sent: 118
index: 0 input: 0
index: 1 input: 5
index: 2 input: 13
index: 3 input: 28
index: 4 input: 60
index: 0 input: 121
code: [9, 7, 6, 8, 5], signal sent: 121
index: 0 input: 0
index: 1 input: 5
index: 2 input: 13
index: 3 input: 30
index: 4 input: 61
index: 0 input: 124
code: [9, 7, 8, 5, 6], signal sent: 124
index: 0 input: 0
index: 1 input: 5
index: 2 input: 13
index: 3 input: 30
index: 4 input: 62
index: 0 input: 125
code: [9, 7, 8, 6, 5], signal sent: 125
index: 0 input: 0
index: 1 input: 5
index: 2 input: 14
index: 3 input: 29
index: 4 input: 60
index: 0 input: 123
code: [9, 8, 5, 6, 7], signal sent: 123
index: 0 input: 0
index: 1 input: 5
index: 2 input: 14
index: 3 input: 29
index: 4 input: 61
index: 0 input: 124
code: [9, 8, 5, 7, 6], signal sent: 124
index: 0 input: 0
index: 1 input: 5
index: 2 input: 14
index: 3 input: 30
index: 4 input: 61
index: 0 input: 125
code: [9, 8, 6, 5, 7], signal sent: 125
index: 0 input: 0
index: 1 input: 5
index: 2 input: 14
index: 3 input: 30
index: 4 input: 63
index: 0 input: 127
code: [9, 8, 6, 7, 5], signal sent: 127
index: 0 input: 0
index: 1 input: 5
index: 2 input: 14
index: 3 input: 31
index: 4 input: 63
index: 0 input: 128
code: [9, 8, 7, 5, 6], signal sent: 128
index: 0 input: 0
index: 1 input: 5
index: 2 input: 14
index: 3 input: 31
index: 4 input: 64
index: 0 input: 129
code: [9, 8, 7, 6, 5], signal sent: 129
[9, 8, 7, 6, 5]
Result: 0
